10:05:20 **** Incremental Build of configuration Debug for project swtest2 ****
make all 
make --no-print-directory pre-build
a9-linaro-pre-build-step
 
make --no-print-directory main-build
Building file: ../src/src/PmodCAN.c
Invoking: ARM v7 gcc compiler
arm-none-eabi-gcc -Wall -O0 -g3 -c -fmessage-length=0 -MT"src/src/PmodCAN.o" -mcpu=cortex-a9 -mfpu=vfpv3 -mfloat-abi=hard -I/home/danny/Desktop/ECE_524/ECE_524_Project/software1/design_1_wrapper/export/design_1_wrapper/sw/design_1_wrapper/standalone_ps7_cortexa9_0/bspinclude/include -MMD -MP -MF"src/src/PmodCAN.d" -MT"src/src/PmodCAN.o" -o "src/src/PmodCAN.o" "../src/src/PmodCAN.c"
Finished building: ../src/src/PmodCAN.c
 
Building file: ../src/src/xspi.c
Invoking: ARM v7 gcc compiler
arm-none-eabi-gcc -Wall -O0 -g3 -c -fmessage-length=0 -MT"src/src/xspi.o" -mcpu=cortex-a9 -mfpu=vfpv3 -mfloat-abi=hard -I/home/danny/Desktop/ECE_524/ECE_524_Project/software1/design_1_wrapper/export/design_1_wrapper/sw/design_1_wrapper/standalone_ps7_cortexa9_0/bspinclude/include -MMD -MP -MF"src/src/xspi.d" -MT"src/src/xspi.o" -o "src/src/xspi.o" "../src/src/xspi.c"
Finished building: ../src/src/xspi.c
 
Building file: ../src/src/xspi_options.c
Invoking: ARM v7 gcc compiler
arm-none-eabi-gcc -Wall -O0 -g3 -c -fmessage-length=0 -MT"src/src/xspi_options.o" -mcpu=cortex-a9 -mfpu=vfpv3 -mfloat-abi=hard -I/home/danny/Desktop/ECE_524/ECE_524_Project/software1/design_1_wrapper/export/design_1_wrapper/sw/design_1_wrapper/standalone_ps7_cortexa9_0/bspinclude/include -MMD -MP -MF"src/src/xspi_options.d" -MT"src/src/xspi_options.o" -o "src/src/xspi_options.o" "../src/src/xspi_options.c"
Finished building: ../src/src/xspi_options.c
 
Building file: ../src/src/xspi_selftest.c
Invoking: ARM v7 gcc compiler
arm-none-eabi-gcc -Wall -O0 -g3 -c -fmessage-length=0 -MT"src/src/xspi_selftest.o" -mcpu=cortex-a9 -mfpu=vfpv3 -mfloat-abi=hard -I/home/danny/Desktop/ECE_524/ECE_524_Project/software1/design_1_wrapper/export/design_1_wrapper/sw/design_1_wrapper/standalone_ps7_cortexa9_0/bspinclude/include -MMD -MP -MF"src/src/xspi_selftest.d" -MT"src/src/xspi_selftest.o" -o "src/src/xspi_selftest.o" "../src/src/xspi_selftest.c"
Finished building: ../src/src/xspi_selftest.c
 
Building file: ../src/src/xspi_stats.c
Invoking: ARM v7 gcc compiler
arm-none-eabi-gcc -Wall -O0 -g3 -c -fmessage-length=0 -MT"src/src/xspi_stats.o" -mcpu=cortex-a9 -mfpu=vfpv3 -mfloat-abi=hard -I/home/danny/Desktop/ECE_524/ECE_524_Project/software1/design_1_wrapper/export/design_1_wrapper/sw/design_1_wrapper/standalone_ps7_cortexa9_0/bspinclude/include -MMD -MP -MF"src/src/xspi_stats.d" -MT"src/src/xspi_stats.o" -o "src/src/xspi_stats.o" "../src/src/xspi_stats.c"
Finished building: ../src/src/xspi_stats.c
 
Building file: ../src/examples/TX.c
Invoking: ARM v7 gcc compiler
arm-none-eabi-gcc -Wall -O0 -g3 -c -fmessage-length=0 -MT"src/examples/TX.o" -mcpu=cortex-a9 -mfpu=vfpv3 -mfloat-abi=hard -I/home/danny/Desktop/ECE_524/ECE_524_Project/software1/design_1_wrapper/export/design_1_wrapper/sw/design_1_wrapper/standalone_ps7_cortexa9_0/bspinclude/include -MMD -MP -MF"src/examples/TX.d" -MT"src/examples/TX.o" -o "src/examples/TX.o" "../src/examples/TX.c"
Finished building: ../src/examples/TX.c
 
Building target: swtest2.elf
Invoking: ARM v7 gcc linker
arm-none-eabi-gcc -mcpu=cortex-a9 -mfpu=vfpv3 -mfloat-abi=hard -Wl,-build-id=none -specs=Xilinx.spec -Wl,-T -Wl,../src/lscript.ld -L/home/danny/Desktop/ECE_524/ECE_524_Project/software1/design_1_wrapper/export/design_1_wrapper/sw/design_1_wrapper/standalone_ps7_cortexa9_0/bsplib/lib -o "swtest2.elf" ./src/src/PmodCAN.o ./src/src/xspi.o ./src/src/xspi_options.o ./src/src/xspi_selftest.o ./src/src/xspi_stats.o  ./src/examples/TX.o   -Wl,--start-group,-lxil,-lgcc,-lc,--end-group
Finished building target: swtest2.elf
 
Invoking: ARM v7 Print Size
arm-none-eabi-size swtest2.elf  |tee "swtest2.elf.size"
   text	   data	    bss	    dec	    hex	filename
  39141	   1216	  22680	  63037	   f63d	swtest2.elf
Finished building: swtest2.elf.size
 

10:05:21 Build Finished (took 666ms)

