15:54:17 **** Incremental Build of configuration Debug for project proj_test2 ****
make all 
make --no-print-directory pre-build
a9-linaro-pre-build-step
 
make --no-print-directory main-build
Building file: ../src/examples/main.c
Invoking: ARM v7 gcc compiler
arm-none-eabi-gcc -Wall -O0 -g3 -c -fmessage-length=0 -MT"src/examples/main.o" -mcpu=cortex-a9 -mfpu=vfpv3 -mfloat-abi=hard -I/home/danny/Desktop/ECE_524/ECE_524_Project/software2/design_2_wrapper/export/design_2_wrapper/sw/design_2_wrapper/standalone_ps7_cortexa9_0/bspinclude/include -MMD -MP -MF"src/examples/main.d" -MT"src/examples/main.o" -o "src/examples/main.o" "../src/examples/main.c"
Finished building: ../src/examples/main.c
 
Building target: proj_test2.elf
Invoking: ARM v7 gcc linker
arm-none-eabi-gcc -mcpu=cortex-a9 -mfpu=vfpv3 -mfloat-abi=hard -Wl,-build-id=none -specs=Xilinx.spec -Wl,-T -Wl,../src/lscript.ld -L/home/danny/Desktop/ECE_524/ECE_524_Project/software2/design_2_wrapper/export/design_2_wrapper/sw/design_2_wrapper/standalone_ps7_cortexa9_0/bsplib/lib -o "proj_test2.elf" ./src/src/PmodCAN.o ./src/src/xspi.o ./src/src/xspi_options.o ./src/src/xspi_selftest.o ./src/src/xspi_stats.o  ./src/examples/main.o   -Wl,--start-group,-lxil,-lgcc,-lc,--end-group
Finished building target: proj_test2.elf
 
Invoking: ARM v7 Print Size
arm-none-eabi-size proj_test2.elf  |tee "proj_test2.elf.size"
   text	   data	    bss	    dec	    hex	filename
  39353	   1216	  22680	  63249	   f711	proj_test2.elf
Finished building: proj_test2.elf.size
 

15:54:17 Build Finished (took 365ms)

